Job started: Wed Jul 29 00:15:02 EDT 2026
Running on node: node1612
CPUs allocated: 64
Starting fresh training run with job ID: 19139398
Running: python -u -m train_models.dynamic_ensemble --mode final --job-id 19139398  --n-jobs 2 --checkpoint-every-iters 250 --early-stopping-holdout-frac 0.03
[run] mode=final resume=False job_id=19139398 n_jobs=2
[run] loading train split...
[run] train loaded: 2,746,268 rows, 2748 features
[run] loading validation split...
[run] validation loaded: 4,057,302 rows
[run] checkpoint_dir=./models/dynamic_ensemble/19139398
[run] allocated_cpus=128 slurm_cpus=64 -> threads_per_model=32 (n_jobs=2)
[early stop] holding out 37/1224 eras (256,969 rows) purely for early-stopping signal; 6,546,601 rows remain for base-model fitting. (meta head still trains on all 6,803,570 rows.)
[run] starting ensemble.fit()...
[fit] starting. n_models=16 checkpoint_dir=./models/dynamic_ensemble/19139398 resume=False base_train_rows=6,546,601 meta_train_rows=6,803,570
[fit] initializing meta head.
[base models] launching with max_concurrent_models=2 (n_jobs=2), base_checkpoint_every_iters=250
[base models] submitting model 1/16: intelligence (35 features, target=target)
[base models] submitting model 2/16: charisma (290 features, target=target)
[base models] submitting model 3/16: strength (135 features, target=target)
[base models] submitting model 4/16: dexterity (51 features, target=target)
[base models] submitting model 5/16: constitution (335 features, target=target)
[base models] submitting model 6/16: wisdom (140 features, target=target)
[base models] submitting model 7/16: agility (145 features, target=target)
[base models] submitting model 8/16: serenity (95 features, target=target)
[base models] submitting model 9/16: sunshine (325 features, target=target)
[base models] submitting model 10/16: rain (666 features, target=target)
[base models] submitting model 11/16: midnight (244 features, target=target)
[base models] submitting model 12/16: faith (372 features, target=target)[base models] [intelligence] starting fresh: 0/10000 iterations.

[base models] submitting model 13/16: target_ender_20 (2748 features, target=target_ender_20)
[base models] submitting model 14/16: target_ender_60 (2748 features, target=target_ender_60)
[base models] [charisma] starting fresh: 0/10000 iterations.
[base models] submitting model 15/16: target_jasper_20 (2748 features, target=target_jasper_20)
[base models] submitting model 16/16: target_jasper_60 (2748 features, target=target_jasper_60)
[base models] waiting for 16 model(s)...
[base models] [intelligence] fitting 10000 rounds on 6,546,601 rows x 35 features...[base models] [charisma] fitting 10000 rounds on 6,546,601 rows x 290 features...

[base models] [intelligence] iter checkpoint saved: 250/10000
[base models] [intelligence] iter checkpoint saved: 500/10000
[base models] [charisma] iter checkpoint saved: 250/10000
[base models] [intelligence] iter checkpoint saved: 750/10000
[base models] [intelligence] iter checkpoint saved: 1000/10000
[base models] [charisma] iter checkpoint saved: 500/10000
[base models] [intelligence] iter checkpoint saved: 1250/10000
[base models] [intelligence] iter checkpoint saved: 1500/10000
[base models] [charisma] iter checkpoint saved: 750/10000
[base models] [intelligence] iter checkpoint saved: 1750/10000
[base models] [charisma] iter checkpoint saved: 1000/10000
[base models] [intelligence] iter checkpoint saved: 2000/10000
[base models] [intelligence] iter checkpoint saved: 2250/10000
[base models] [charisma] iter checkpoint saved: 1250/10000
[base models] [intelligence] iter checkpoint saved: 2500/10000
[base models] [charisma] iter checkpoint saved: 1500/10000
[base models] [intelligence] iter checkpoint saved: 2750/10000
[base models] [charisma] iter checkpoint saved: 1750/10000
[base models] [intelligence] iter checkpoint saved: 3000/10000
[base models] [intelligence] iter checkpoint saved: 3250/10000
[base models] [charisma] iter checkpoint saved: 2000/10000
[base models] [intelligence] DONE: 10000/10000 iterations in 2.4 min.
[base models] model 1/16 ('intelligence') complete. progress: 1/16
[base models] [strength] starting fresh: 0/10000 iterations.
[base models] [strength] fitting 10000 rounds on 6,546,601 rows x 135 features...
[checkpoint] saved ./models/dynamic_ensemble/19139398/checkpoint_base_models.pkl (0.2s)
[checkpoint] saved ./models/dynamic_ensemble/19139398/checkpoint_latest.pkl (0.1s)
[base models] full ensemble checkpoint saved (1/16 models)
[base models] [charisma] DONE: 10000/10000 iterations in 2.5 min.
[base models] model 2/16 ('charisma') complete. progress: 2/16
[base models] [dexterity] starting fresh: 0/10000 iterations.
[base models] [dexterity] fitting 10000 rounds on 6,546,601 rows x 51 features...
[checkpoint] saved ./models/dynamic_ensemble/19139398/checkpoint_base_models.pkl (0.1s)
[checkpoint] saved ./models/dynamic_ensemble/19139398/checkpoint_latest.pkl (0.1s)
[base models] full ensemble checkpoint saved (2/16 models)
[base models] [dexterity] DONE: 10000/10000 iterations in 0.1 min.
[base models] model 4/16 ('dexterity') complete. progress: 3/16
[base models] [constitution] starting fresh: 0/10000 iterations.
[base models] [constitution] fitting 10000 rounds on 6,546,601 rows x 335 features...
[checkpoint] saved ./models/dynamic_ensemble/19139398/checkpoint_base_models.pkl (0.1s)
[checkpoint] saved ./models/dynamic_ensemble/19139398/checkpoint_latest.pkl (0.1s)
[base models] full ensemble checkpoint saved (3/16 models)
[base models] [strength] DONE: 10000/10000 iterations in 0.2 min.
[base models] model 3/16 ('strength') complete. progress: 4/16
[base models] [wisdom] starting fresh: 0/10000 iterations.
[base models] [wisdom] fitting 10000 rounds on 6,546,601 rows x 140 features...
[checkpoint] saved ./models/dynamic_ensemble/19139398/checkpoint_base_models.pkl (0.8s)
[checkpoint] saved ./models/dynamic_ensemble/19139398/checkpoint_latest.pkl (0.1s)
[base models] full ensemble checkpoint saved (4/16 models)
[base models] [constitution] iter checkpoint saved: 250/10000
[base models] [wisdom] iter checkpoint saved: 250/10000
[base models] [constitution] iter checkpoint saved: 500/10000
[base models] [wisdom] iter checkpoint saved: 500/10000
[base models] [constitution] iter checkpoint saved: 750/10000
[base models] [wisdom] iter checkpoint saved: 750/10000
[base models] [constitution] DONE: 10000/10000 iterations in 1.1 min.
[base models] model 5/16 ('constitution') complete. progress: 5/16
[base models] [agility] starting fresh: 0/10000 iterations.
[base models] [agility] fitting 10000 rounds on 6,546,601 rows x 145 features...
[checkpoint] saved ./models/dynamic_ensemble/19139398/checkpoint_base_models.pkl (0.3s)
[checkpoint] saved ./models/dynamic_ensemble/19139398/checkpoint_latest.pkl (0.1s)
[base models] full ensemble checkpoint saved (5/16 models)
[base models] [wisdom] DONE: 10000/10000 iterations in 1.1 min.
[base models] model 6/16 ('wisdom') complete. progress: 6/16
[base models] [serenity] starting fresh: 0/10000 iterations.
[base models] [serenity] fitting 10000 rounds on 6,546,601 rows x 95 features...
[checkpoint] saved ./models/dynamic_ensemble/19139398/checkpoint_base_models.pkl (0.1s)
[checkpoint] saved ./models/dynamic_ensemble/19139398/checkpoint_latest.pkl (0.1s)
[base models] full ensemble checkpoint saved (6/16 models)
[base models] [agility] DONE: 10000/10000 iterations in 0.2 min.
[base models] model 7/16 ('agility') complete. progress: 7/16
[base models] [sunshine] starting fresh: 0/10000 iterations.
[base models] [sunshine] fitting 10000 rounds on 6,546,601 rows x 325 features...
[checkpoint] saved ./models/dynamic_ensemble/19139398/checkpoint_base_models.pkl (0.2s)
[checkpoint] saved ./models/dynamic_ensemble/19139398/checkpoint_latest.pkl (0.2s)
[base models] full ensemble checkpoint saved (7/16 models)
[base models] [serenity] DONE: 10000/10000 iterations in 0.2 min.
[base models] model 8/16 ('serenity') complete. progress: 8/16
[base models] [rain] starting fresh: 0/10000 iterations.
[base models] [rain] fitting 10000 rounds on 6,546,601 rows x 666 features...
[checkpoint] saved ./models/dynamic_ensemble/19139398/checkpoint_base_models.pkl (0.2s)
[checkpoint] saved ./models/dynamic_ensemble/19139398/checkpoint_latest.pkl (0.2s)
[base models] full ensemble checkpoint saved (8/16 models)
[base models] [sunshine] DONE: 10000/10000 iterations in 0.4 min.
[base models] model 9/16 ('sunshine') complete. progress: 9/16
[base models] [midnight] starting fresh: 0/10000 iterations.
[base models] [midnight] fitting 10000 rounds on 6,546,601 rows x 244 features...
[checkpoint] saved ./models/dynamic_ensemble/19139398/checkpoint_base_models.pkl (0.2s)
[checkpoint] saved ./models/dynamic_ensemble/19139398/checkpoint_latest.pkl (0.8s)
[base models] full ensemble checkpoint saved (9/16 models)
[base models] [midnight] DONE: 10000/10000 iterations in 0.9 min.
[base models] model 11/16 ('midnight') complete. progress: 10/16
[base models] [faith] starting fresh: 0/10000 iterations.
[base models] [faith] fitting 10000 rounds on 6,546,601 rows x 372 features...
[checkpoint] saved ./models/dynamic_ensemble/19139398/checkpoint_base_models.pkl (0.3s)
[checkpoint] saved ./models/dynamic_ensemble/19139398/checkpoint_latest.pkl (0.2s)
[base models] full ensemble checkpoint saved (10/16 models)
[base models] [rain] iter checkpoint saved: 250/10000
[base models] [rain] DONE: 10000/10000 iterations in 2.0 min.
[base models] model 10/16 ('rain') complete. progress: 11/16
[base models] [target_ender_20] starting fresh: 0/10000 iterations.
[base models] [target_ender_20] fitting 10000 rounds on 6,546,601 rows x 2748 features...
[checkpoint] saved ./models/dynamic_ensemble/19139398/checkpoint_base_models.pkl (0.2s)
[checkpoint] saved ./models/dynamic_ensemble/19139398/checkpoint_latest.pkl (0.2s)
[base models] full ensemble checkpoint saved (11/16 models)
[base models] [faith] iter checkpoint saved: 250/10000
[base models] [faith] DONE: 10000/10000 iterations in 1.4 min.
[base models] model 12/16 ('faith') complete. progress: 12/16
[base models] [target_ender_60] starting fresh: 0/10000 iterations.
[base models] [target_ender_60] fitting 10000 rounds on 6,546,601 rows x 2748 features...
[checkpoint] saved ./models/dynamic_ensemble/19139398/checkpoint_base_models.pkl (0.2s)
[checkpoint] saved ./models/dynamic_ensemble/19139398/checkpoint_latest.pkl (0.5s)
[base models] full ensemble checkpoint saved (12/16 models)
[base models] [target_ender_20] iter checkpoint saved: 250/10000
[base models] [target_ender_20] DONE: 10000/10000 iterations in 10.0 min.
[base models] model 13/16 ('target_ender_20') complete. progress: 13/16
[base models] [target_jasper_20] starting fresh: 0/10000 iterations.
[base models] [target_jasper_20] fitting 10000 rounds on 6,546,601 rows x 2748 features...
[checkpoint] saved ./models/dynamic_ensemble/19139398/checkpoint_base_models.pkl (0.2s)
[checkpoint] saved ./models/dynamic_ensemble/19139398/checkpoint_latest.pkl (0.2s)
[base models] full ensemble checkpoint saved (13/16 models)
[base models] [target_ender_60] iter checkpoint saved: 250/10000
[base models] [target_ender_60] DONE: 10000/10000 iterations in 10.3 min.
[base models] model 14/16 ('target_ender_60') complete. progress: 14/16
[base models] [target_jasper_60] starting fresh: 0/10000 iterations.
[base models] [target_jasper_60] fitting 10000 rounds on 6,546,601 rows x 2748 features...
[checkpoint] saved ./models/dynamic_ensemble/19139398/checkpoint_base_models.pkl (0.2s)
[checkpoint] saved ./models/dynamic_ensemble/19139398/checkpoint_latest.pkl (0.2s)
[base models] full ensemble checkpoint saved (14/16 models)
[base models] [target_jasper_20] iter checkpoint saved: 250/10000
[base models] [target_jasper_20] DONE: 10000/10000 iterations in 8.8 min.
[base models] model 15/16 ('target_jasper_20') complete. progress: 15/16
[checkpoint] saved ./models/dynamic_ensemble/19139398/checkpoint_base_models.pkl (0.3s)
[checkpoint] saved ./models/dynamic_ensemble/19139398/checkpoint_latest.pkl (0.2s)
[base models] full ensemble checkpoint saved (15/16 models)
[base models] [target_jasper_60] iter checkpoint saved: 250/10000
[base models] [target_jasper_60] DONE: 10000/10000 iterations in 9.1 min.
[base models] model 16/16 ('target_jasper_60') complete. progress: 16/16
[checkpoint] saved ./models/dynamic_ensemble/19139398/checkpoint_base_models.pkl (0.2s)
[checkpoint] saved ./models/dynamic_ensemble/19139398/checkpoint_latest.pkl (0.2s)
[base models] full ensemble checkpoint saved (16/16 models)
[base models] ALL 16 models trained in 26.1 min.
[meta head] note: val set overlaps with meta-head training data (it's the early-stopping holdout, not a true holdout for the meta head) — treat val_mse as a diagnostic only.
[meta head] dropping 35,383 rows with NaN targets from meta training.
[meta head] pre-computing base model predictions for meta training set...
[meta head] predicted with base model 'intelligence' in 54.0s
[meta head] predicted with base model 'charisma' in 1.2s
[meta head] predicted with base model 'strength' in 0.6s
[meta head] predicted with base model 'dexterity' in 0.3s
[meta head] predicted with base model 'constitution' in 12.9s
[meta head] predicted with base model 'wisdom' in 13.6s
[meta head] predicted with base model 'agility' in 0.6s
[meta head] predicted with base model 'serenity' in 0.4s
[meta head] predicted with base model 'sunshine' in 1.3s
[meta head] predicted with base model 'rain' in 6.5s
[meta head] predicted with base model 'midnight' in 1.1s
[meta head] predicted with base model 'faith' in 4.6s
[meta head] predicted with base model 'target_ender_20' in 374.0s
[meta head] predicted with base model 'target_ender_60' in 380.2s
[meta head] predicted with base model 'target_jasper_20' in 373.4s
[meta head] predicted with base model 'target_jasper_60' in 302.7s
[meta head] training epochs 1..20 (6,768,187 rows, batch_size=1024)
[checkpoint] saved ./models/dynamic_ensemble/19139398/checkpoint_meta_epoch_1.pkl (0.2s)
[checkpoint] saved ./models/dynamic_ensemble/19139398/checkpoint_latest.pkl (0.2s)
[meta head] epoch=1/20 train_mse=0.050027 val_mse=0.050031 (32.1s)
[checkpoint] saved ./models/dynamic_ensemble/19139398/checkpoint_meta_epoch_2.pkl (0.2s)
[checkpoint] saved ./models/dynamic_ensemble/19139398/checkpoint_latest.pkl (0.2s)
[meta head] epoch=2/20 train_mse=0.050027 val_mse=0.050031 (31.8s)
[checkpoint] saved ./models/dynamic_ensemble/19139398/checkpoint_meta_epoch_3.pkl (0.2s)
[checkpoint] saved ./models/dynamic_ensemble/19139398/checkpoint_latest.pkl (0.2s)
[meta head] epoch=3/20 train_mse=0.050027 val_mse=0.050031 (32.3s)
[checkpoint] saved ./models/dynamic_ensemble/19139398/checkpoint_meta_epoch_4.pkl (0.2s)
[checkpoint] saved ./models/dynamic_ensemble/19139398/checkpoint_latest.pkl (0.2s)
[meta head] epoch=4/20 train_mse=0.050027 val_mse=0.050031 (32.2s)
[checkpoint] saved ./models/dynamic_ensemble/19139398/checkpoint_meta_epoch_5.pkl (0.2s)
[checkpoint] saved ./models/dynamic_ensemble/19139398/checkpoint_latest.pkl (0.2s)
[meta head] epoch=5/20 train_mse=0.050027 val_mse=0.050031 (31.9s)
[checkpoint] saved ./models/dynamic_ensemble/19139398/checkpoint_meta_epoch_6.pkl (0.2s)
[checkpoint] saved ./models/dynamic_ensemble/19139398/checkpoint_latest.pkl (0.2s)
[meta head] epoch=6/20 train_mse=0.050027 val_mse=0.050031 (32.1s)
[checkpoint] saved ./models/dynamic_ensemble/19139398/checkpoint_meta_epoch_7.pkl (0.2s)
[checkpoint] saved ./models/dynamic_ensemble/19139398/checkpoint_latest.pkl (0.2s)
[meta head] epoch=7/20 train_mse=0.050027 val_mse=0.050031 (31.6s)
[checkpoint] saved ./models/dynamic_ensemble/19139398/checkpoint_meta_epoch_8.pkl (0.2s)
[checkpoint] saved ./models/dynamic_ensemble/19139398/checkpoint_latest.pkl (0.2s)
[meta head] epoch=8/20 train_mse=0.050027 val_mse=0.050031 (31.7s)
[checkpoint] saved ./models/dynamic_ensemble/19139398/checkpoint_meta_epoch_9.pkl (0.2s)
[checkpoint] saved ./models/dynamic_ensemble/19139398/checkpoint_latest.pkl (0.2s)
[meta head] epoch=9/20 train_mse=0.050027 val_mse=0.050031 (31.6s)
[checkpoint] saved ./models/dynamic_ensemble/19139398/checkpoint_meta_epoch_10.pkl (0.2s)
[checkpoint] saved ./models/dynamic_ensemble/19139398/checkpoint_latest.pkl (0.2s)
[meta head] epoch=10/20 train_mse=0.050027 val_mse=0.050031 (31.6s)
[checkpoint] saved ./models/dynamic_ensemble/19139398/checkpoint_meta_epoch_11.pkl (0.2s)
[checkpoint] saved ./models/dynamic_ensemble/19139398/checkpoint_latest.pkl (0.2s)
[meta head] epoch=11/20 train_mse=0.050027 val_mse=0.050031 (31.5s)
[checkpoint] saved ./models/dynamic_ensemble/19139398/checkpoint_meta_epoch_12.pkl (0.2s)
[checkpoint] saved ./models/dynamic_ensemble/19139398/checkpoint_latest.pkl (0.2s)
[meta head] epoch=12/20 train_mse=0.050027 val_mse=0.050031 (31.4s)
[checkpoint] saved ./models/dynamic_ensemble/19139398/checkpoint_meta_epoch_13.pkl (0.2s)
[checkpoint] saved ./models/dynamic_ensemble/19139398/checkpoint_latest.pkl (0.2s)
[meta head] epoch=13/20 train_mse=0.050027 val_mse=0.050031 (31.5s)
[checkpoint] saved ./models/dynamic_ensemble/19139398/checkpoint_meta_epoch_14.pkl (0.2s)
[checkpoint] saved ./models/dynamic_ensemble/19139398/checkpoint_latest.pkl (0.2s)
[meta head] epoch=14/20 train_mse=0.050027 val_mse=0.050031 (31.3s)
[checkpoint] saved ./models/dynamic_ensemble/19139398/checkpoint_meta_epoch_15.pkl (0.2s)
[checkpoint] saved ./models/dynamic_ensemble/19139398/checkpoint_latest.pkl (0.2s)
[meta head] epoch=15/20 train_mse=0.050027 val_mse=0.050031 (31.4s)
[checkpoint] saved ./models/dynamic_ensemble/19139398/checkpoint_meta_epoch_16.pkl (0.2s)
[checkpoint] saved ./models/dynamic_ensemble/19139398/checkpoint_latest.pkl (0.2s)
[meta head] epoch=16/20 train_mse=0.050027 val_mse=0.050031 (31.8s)
[checkpoint] saved ./models/dynamic_ensemble/19139398/checkpoint_meta_epoch_17.pkl (0.2s)
[checkpoint] saved ./models/dynamic_ensemble/19139398/checkpoint_latest.pkl (0.2s)
[meta head] epoch=17/20 train_mse=0.050027 val_mse=0.050031 (32.2s)
[checkpoint] saved ./models/dynamic_ensemble/19139398/checkpoint_meta_epoch_18.pkl (0.2s)
[checkpoint] saved ./models/dynamic_ensemble/19139398/checkpoint_latest.pkl (0.2s)
[meta head] epoch=18/20 train_mse=0.050027 val_mse=0.050031 (31.9s)
[checkpoint] saved ./models/dynamic_ensemble/19139398/checkpoint_meta_epoch_19.pkl (0.3s)
[checkpoint] saved ./models/dynamic_ensemble/19139398/checkpoint_latest.pkl (0.2s)
[meta head] epoch=19/20 train_mse=0.050027 val_mse=0.050031 (31.9s)
[checkpoint] saved ./models/dynamic_ensemble/19139398/checkpoint_meta_epoch_20.pkl (0.2s)
[checkpoint] saved ./models/dynamic_ensemble/19139398/checkpoint_latest.pkl (0.2s)
[meta head] epoch=20/20 train_mse=0.050027 val_mse=0.050031 (32.0s)
[fit] complete in 65.5 min total.
[run] saving final model...
Model saved: ./models/dynamic_ensemble_20260729_012246.pkl
[run] done.

Job finished: Wed Jul 29 01:22:55 EDT 2026
